******************************************************************************
               TMS320C6x Linker PC v7.3.4                      
******************************************************************************
>> Linked Wed May 15 10:55:32 2013

OUTPUT FILE NAME:   <D:/DSP/SEED-HPS6455/Test_HPS6455/srio_test/dsp_fpga_srio/srio_dsp/srio_a/../Debug/srio_a.out>
ENTRY POINT SYMBOL: "_c_int00"  address: 008068e0


MEMORY CONFIGURATION

         name            origin    length      used     unused   attr    fill
----------------------  --------  ---------  --------  --------  ----  --------
  IRAM                  00800000   00100000  00012694  000ed96c  RWIX
  VRAM                  00900000   00100000  00000200  000ffe00  RWIX


SECTION ALLOCATION MAP

 output                                  attributes/
section   page    origin      length       input sections
--------  ----  ----------  ----------   ----------------
.text      0    00800000    00006d20     
                  00800000    000008a0     main.obj (.text)
                  008008a0    00000580     rts64plus.lib : _printfi.obj (.text:__getarg_diouxp)
                  00800e20    00000540                   : divd.obj (.text:__divd)
                  00801360    00000480                   : _printfi.obj (.text:__setfield)
                  008017e0    00000440                   : _printfi.obj (.text:__printfi)
                  00801c20    00000300                   : _printfi.obj (.text:_ecvt)
                  00801f20    00000300                   : _printfi.obj (.text:_fcvt)
                  00802220    00000300                   : fputs.obj (.text:_fputs)
                  00802520    000002e0                   : _printfi.obj (.text:__pproc_fge)
                  00802800    000002c0                   : _printfi.obj (.text:__pproc_fwp)
                  00802ac0    000002a0                   : _printfi.obj (.text:__pconv_e)
                  00802d60    00000280                   : memory.obj (.text:_free)
                  00802fe0    00000260                   : imath64.obj (.text:__divull)
                  00803240    00000260                   : mpyd.obj (.text:__mpyd)
                  008034a0    00000240                   : _printfi.obj (.text:__pproc_diouxp)
                  008036e0    00000220                   : _printfi.obj (.text:__pproc_str)
                  00803900    00000200                   : addd.obj (.text:__addd)
                  00803b00    00000200                   : frcaddd.obj (.text:__frcaddd)
                  00803d00    00000200                   : _printfi.obj (.text:__pconv_g)
                  00803f00    000001c0                   : _printfi.obj (.text:__mcpy)
                  008040c0    000001a0                   : imath40.obj (.text:__divul)
                  00804260    00000180                   : trgdrv.obj (.text:_HOSTrename)
                  008043e0    00000180                   : memory.obj (.text:_malloc)
                  00804560    00000180                   : setvbuf.obj (.text:_setvbuf)
                  008046e0    00000140                   : fputc.obj (.text:_fputc)
                  00804820    00000140                   : lowlev.obj (.text:_getdevice)
                  00804960    00000120                   : _printfi.obj (.text:__pproc_fflags)
                  00804a80    00000120                   : fclose.obj (.text:_fclose)
                  00804ba0    00000100                   : trgdrv.obj (.text:_HOSTlseek)
                  00804ca0    00000100                   : autoinit.obj (.text:__auto_init)
                  00804da0    00000100                   : frcmpyd.obj (.text:__frcmpyd)
                  00804ea0    00000100                   : _printfi.obj (.text:__ltostr)
                  00804fa0    00000100                   : _io_perm.obj (.text:__wrt_ok)
                  008050a0    000000e0                   : trgdrv.obj (.text:_HOSTopen)
                  00805180    000000e0                   : cmpd.obj (.text:__cmpd)
                  00805260    000000e0                   : atoi.obj (.text:_atoi)
                  00805340    000000e0                   : lowlev.obj (.text:_close)
                  00805420    000000e0                   : exit.obj (.text:_exit)
                  00805500    000000e0                   : memset.obj (.text:_memset)
                  008055e0    000000c0                   : trgdrv.obj (.text:_HOSTread)
                  008056a0    000000c0                   : trgdrv.obj (.text:_HOSTunlink)
                  00805760    000000c0                   : trgdrv.obj (.text:_HOSTwrite)
                  00805820    000000c0                   : fopen.obj (.text:__cleanup)
                  008058e0    000000c0                   : _printfi.obj (.text:__div)
                  008059a0    000000c0                   : divu.obj (.text:__divu)
                  00805a60    000000c0                   : fflush.obj (.text:__doflush)
                  00805b20    000000c0                   : fseek.obj (.text:_fseek)
                  00805be0    000000c0                   : lowlev.obj (.text:_lseek)
                  00805ca0    000000c0                   : ltoa.obj (.text:_ltoa)
                  00805d60    000000c0                   : lowlev.obj (.text:_write)
                  00805e20    000000a0                   : trgdrv.obj (.text:_HOSTclose)
                  00805ec0    000000a0                   : imath40.obj (.text:__divli)
                  00805f60    000000a0                   : _printfi.obj (.text:__ecpy)
                  00806000    000000a0                   : _printfi.obj (.text:__fcpy)
                  008060a0    000000a0                   : fixdli.obj (.text:__fixdli)
                  00806140    000000a0                   : _printfi.obj (.text:__pconv_f)
                  008061e0    000000a0                   : cpy_tbl.obj (.text:_copy_in)
                  00806280    000000a0                   : lowlev.obj (.text:_finddevice)
                  00806320    000000a0                   : memcpy64.obj (.text:_memcpy)
                  008063c0    000000a0                   : memory.obj (.text:_minsert)
                  00806460    000000a0                   : memory.obj (.text:_mremove)
                  00806500    00000080                   : fixdi.obj (.text:__fixdi)
                  00806580    00000080                   : fltlid.obj (.text:__fltlid)
                  00806600    00000080                   : llshift.obj (.text:__llshl)
                  00806680    00000080                   : renormd.obj (.text:__renormd)
                  00806700    00000080                   : printf.obj (.text:_printf)
                  00806780    00000080                   : trgmsg.obj (.text:_readmsg)
                  00806800    00000080                   : lowlev.obj (.text:_unlink)
                  00806880    00000060                   : imath64.obj (.text:__subcull)
                  008068e0    00000060                   : boot.obj (.text:_c_int00)
                  00806940    00000060                   : memccpy.obj (.text:_memccpy)
                  008069a0    00000060                   : memcmp.obj (.text:_memcmp)
                  00806a00    00000060                   : trgmsg.obj (.text:_writemsg)
                  00806a60    00000040                   : isinf.obj (.text:___isinf)
                  00806aa0    00000040                   : _printfi.obj (.text:___isnan)
                  00806ae0    00000040                   : args_main.obj (.text:__args_main)
                  00806b20    00000040                   : frcmpyd_div.obj (.text:__frcmpyd_div)
                  00806b60    00000040                   : llshift.obj (.text:__llshru)
                  00806ba0    00000040                   : negd.obj (.text:__negd)
                  00806be0    00000040                   : imath40.obj (.text:__remli)
                  00806c20    00000040                   : subd.obj (.text:__subd)
                  00806c60    00000020                   : negll.obj (.text:__negll)
                  00806c80    00000020                   : _lock.obj (.text:__nop)
                  00806ca0    00000020                   : printf.obj (.text:__outc)
                  00806cc0    00000020                   : printf.obj (.text:__outs)
                  00806ce0    00000020                   : exit.obj (.text:_abort)
                  00806d00    00000020                   : remove.obj (.text:_remove)

.data      0    00800000    00000000     UNINITIALIZED

.stack     0    00806d20    00005000     UNINITIALIZED
                  00806d20    00000008     rts64plus.lib : boot.obj (.stack)
                  00806d28    00004ff8     --HOLE--

.sysmem    0    0080bd20    00005000     UNINITIALIZED
                  0080bd20    00000008     rts64plus.lib : memory.obj (.sysmem)
                  0080bd28    00004ff8     --HOLE--

SRIO_LOCALBUF 
*          0    00810d20    00001000     UNINITIALIZED
                  00810d20    00001000     main.obj (SRIO_LOCALBUF)

.far       0    00811d20    00000534     UNINITIALIZED
                  00811d20    00000324     rts64plus.lib : defs.obj (.far)
                  00812044    00000004                   : fopen.obj (.far)
                  00812048    0000011c                   : lowlev.obj (.far)
                  00812164    00000004     --HOLE--
                  00812168    000000d0                   : trgdrv.obj (.far)
                  00812238    0000000c                   : exit.obj (.far)
                  00812244    00000008                   : _lock.obj (.far)
                  0081224c    00000008                   : memory.obj (.far)

.bss       0    00812254    00000004     UNINITIALIZED
                  00812254    00000004     main.obj (.bss)

.const     0    00812258    000001c8     
                  00812258    00000101     rts64plus.lib : ctype.obj (.const:__ctypes_)
                  00812359    00000002                   : fputs.obj (.const:.string)
                  0081235b    00000001     --HOLE-- [fill = 0]
                  0081235c    00000094     main.obj (.const:.string)
                  008123f0    00000023     rts64plus.lib : _printfi.obj (.const:.string)
                  00812413    00000005     --HOLE-- [fill = 0]
                  00812418    00000008                   : divd.obj (.const:_initial_approx$1)

.cinit     0    00812420    00000154     
                  00812420    0000005c     rts64plus.lib : defs.obj (.cinit)
                  0081247c    00000004     --HOLE-- [fill = 0]
                  00812480    0000005c                   : lowlev.obj (.cinit)
                  008124dc    00000004     --HOLE-- [fill = 0]
                  008124e0    0000002c                   : exit.obj (.cinit)
                  0081250c    00000004     --HOLE-- [fill = 0]
                  00812510    0000002c                   : memory.obj (.cinit)
                  0081253c    00000004     --HOLE-- [fill = 0]
                  00812540    0000001c                   : _lock.obj (.cinit)
                  0081255c    00000004     --HOLE-- [fill = 0]
                  00812560    0000000c                   : fopen.obj (.cinit)
                  0081256c    00000004     --HOLE-- [fill = 0]
                  00812570    00000004     (.pad.cinit) [fill = 0]

.cio       0    00812574    00000120     UNINITIALIZED
                  00812574    00000120     rts64plus.lib : trgmsg.obj (.cio)

.vectors   0    00900000    00000200     
                  00900000    00000200     vectors.obj (.vectors)


GLOBAL SYMBOLS: SORTED ALPHABETICALLY BY Name 

address    name
--------   ----
00812254   $bss
00812254   .bss
00800000   .data
00800000   .text
00806ce0   C$$EXIT
00806a58   C$$IO$$
00900000   RESET_RST
00805e20   _HOSTclose
00804ba0   _HOSTlseek
008050a0   _HOSTopen
008055e0   _HOSTread
00804260   _HOSTrename
008056a0   _HOSTunlink
00805760   _HOSTwrite
00811520   _SRIO_READBUF
00810d20   _SRIO_WRITEBUF
00800484   _SRIO_init
00812574   __CIOBUF_
0080bd20   __STACK_END
00005000   __STACK_SIZE
00005000   __SYSMEM_SIZE
00000001   __TI_args_main
00812240   ___TI_enable_exit_profile_output
ffffffff   ___TI_pprof_out_hndl
ffffffff   ___TI_prof_data_size
ffffffff   ___TI_prof_data_start
ffffffff   ___binit__
00812254   ___bss__
ffffffff   ___c_args__
00812420   ___cinit__
00800000   ___data__
00800000   ___edata__
00812258   ___end__
00806d20   ___etext__
00806a60   ___isinf
ffffffff   ___pinit__
00800000   ___text__
00803900   __addd
00806ae0   __args_main
00804ca0   __auto_init
008059a0   __c6xabi_divu
00805820   __cleanup
00812238   __cleanup_ptr
00805180   __cmpd
00812258   __ctypes_
00800e20   __divd
00805ec0   __divli
008059a0   __divu
008040c0   __divul
00802fe0   __divull
00805a60   __doflush
0081223c   __dtors_ptr
00806500   __fixdi
008060a0   __fixdli
00806580   __fltlid
00803b00   __frcaddd
00804da0   __frcmpyd
00806b20   __frcmpyd_div
00812040   __ft_end
00811d20   __ftable
00806600   __llshl
00806b60   __llshru
00812244   __lock
00803240   __mpyd
00806ba0   __negd
00806c60   __negll
00806c80   __nop
008017e0   __printfi
00806be0   __remli
00806680   __renormd
00806d20   __stack
00806880   __subcull
00806c20   __subd
0080bd20   __sys_memory
00811f00   __tmpnams
00812248   __unlock
00804fa0   __wrt_ok
00806ce0   _abort
00805260   _atoi
008068e0   _c_int00
00805340   _close
008061e0   _copy_in
00805420   _exit
00804a80   _fclose
008046e0   _fputc
00802220   _fputs
00802d60   _free
00805b20   _fseek
00800224   _init_6455
00805be0   _lseek
00805ca0   _ltoa
00800000   _main
008043e0   _malloc
00806940   _memccpy
008069a0   _memcmp
00806320   _memcpy
00805500   _memset
00812254   _pEDMA3CC_PaRAM
00806700   _printf
008046e0   _putc
00806780   _readmsg
00806d00   _remove
00804560   _setvbuf
00800750   _srio_read
008007ec   _srio_write
00806800   _unlink
00805d60   _write
00806a00   _writemsg
ffffffff   binit
00812420   cinit
00800000   edata
00812258   end
00806d20   etext
ffffffff   pinit


GLOBAL SYMBOLS: SORTED BY Symbol Address 

address    name
--------   ----
00000001   __TI_args_main
00005000   __STACK_SIZE
00005000   __SYSMEM_SIZE
00800000   .data
00800000   .text
00800000   ___data__
00800000   ___edata__
00800000   ___text__
00800000   _main
00800000   edata
00800224   _init_6455
00800484   _SRIO_init
00800750   _srio_read
008007ec   _srio_write
00800e20   __divd
008017e0   __printfi
00802220   _fputs
00802d60   _free
00802fe0   __divull
00803240   __mpyd
00803900   __addd
00803b00   __frcaddd
008040c0   __divul
00804260   _HOSTrename
008043e0   _malloc
00804560   _setvbuf
008046e0   _fputc
008046e0   _putc
00804a80   _fclose
00804ba0   _HOSTlseek
00804ca0   __auto_init
00804da0   __frcmpyd
00804fa0   __wrt_ok
008050a0   _HOSTopen
00805180   __cmpd
00805260   _atoi
00805340   _close
00805420   _exit
00805500   _memset
008055e0   _HOSTread
008056a0   _HOSTunlink
00805760   _HOSTwrite
00805820   __cleanup
008059a0   __c6xabi_divu
008059a0   __divu
00805a60   __doflush
00805b20   _fseek
00805be0   _lseek
00805ca0   _ltoa
00805d60   _write
00805e20   _HOSTclose
00805ec0   __divli
008060a0   __fixdli
008061e0   _copy_in
00806320   _memcpy
00806500   __fixdi
00806580   __fltlid
00806600   __llshl
00806680   __renormd
00806700   _printf
00806780   _readmsg
00806800   _unlink
00806880   __subcull
008068e0   _c_int00
00806940   _memccpy
008069a0   _memcmp
00806a00   _writemsg
00806a58   C$$IO$$
00806a60   ___isinf
00806ae0   __args_main
00806b20   __frcmpyd_div
00806b60   __llshru
00806ba0   __negd
00806be0   __remli
00806c20   __subd
00806c60   __negll
00806c80   __nop
00806ce0   C$$EXIT
00806ce0   _abort
00806d00   _remove
00806d20   ___etext__
00806d20   __stack
00806d20   etext
0080bd20   __STACK_END
0080bd20   __sys_memory
00810d20   _SRIO_WRITEBUF
00811520   _SRIO_READBUF
00811d20   __ftable
00811f00   __tmpnams
00812040   __ft_end
00812238   __cleanup_ptr
0081223c   __dtors_ptr
00812240   ___TI_enable_exit_profile_output
00812244   __lock
00812248   __unlock
00812254   $bss
00812254   .bss
00812254   ___bss__
00812254   _pEDMA3CC_PaRAM
00812258   ___end__
00812258   __ctypes_
00812258   end
00812420   ___cinit__
00812420   cinit
00812574   __CIOBUF_
00900000   RESET_RST
ffffffff   ___TI_pprof_out_hndl
ffffffff   ___TI_prof_data_size
ffffffff   ___TI_prof_data_start
ffffffff   ___binit__
ffffffff   ___c_args__
ffffffff   ___pinit__
ffffffff   binit
ffffffff   pinit

[114 symbols]
