******************************************************************************
          TMS320C6x COFF Linker PC v6.0.8                      
******************************************************************************
>> Linked Wed Dec 26 15:41:52 2012

OUTPUT FILE NAME:   <./Debug/srio_a.out>
ENTRY POINT SYMBOL: "_c_int00"  address: 008065c0


MEMORY CONFIGURATION

         name            origin    length      used     unused   attr    fill
----------------------  --------  ---------  --------  --------  ----  --------
  IRAM                  00800000   00100000  000120b2  000edf4e  RWIX
  VRAM                  00900000   00100000  00000200  000ffe00  RWIX


SECTION ALLOCATION MAP

 output                                  attributes/
section   page    origin      length       input sections
--------  ----  ----------  ----------   ----------------
.data      0    00800000    00000000     UNINITIALIZED

.text      0    00800000    00006880     
                  00800000    00000ae0     main.obj (.text)
                  00800ae0    00000420     rts64plus.lib : _printfi.obj (.text:__setfield)
                  00800f00    00000360                   : _printfi.obj (.text:__getarg_diouxp)
                  00801260    00000360                   : _printfi.obj (.text:__printfi)
                  008015c0    00000300                   : _printfi.obj (.text:_ecvt)
                  008018c0    00000300                   : _printfi.obj (.text:_fcvt)
                  00801bc0    00000300                   : fputs.obj (.text:_fputs)
                  00801ec0    000002e0                   : _printfi.obj (.text:__fcpy)
                  008021a0    000002e0                   : _printfi.obj (.text:__pproc_fwp)
                  00802480    000002a0                   : _printfi.obj (.text:__pconv_e)
                  00802720    00000280                   : memory.obj (.text:_free)
                  008029a0    00000240                   : frcdivd.obj (.text:__frcdivd)
                  00802be0    00000220                   : imath64.obj (.text:__divull)
                  00802e00    00000220                   : _printfi.obj (.text:__pproc_diouxp)
                  00803020    00000220                   : _printfi.obj (.text:__pproc_str)
                  00803240    00000200                   : frcaddd.obj (.text:__frcaddd)
                  00803440    000001e0                   : _printfi.obj (.text:__mcpy)
                  00803620    000001c0                   : divd.obj (.text:__divd)
                  008037e0    000001a0                   : trgdrv.obj (.text:_HOSTrename)
                  00803980    000001a0                   : imath40.obj (.text:__divul)
                  00803b20    000001a0                   : mpyd.obj (.text:__mpyd)
                  00803cc0    000001a0                   : setvbuf.obj (.text:_setvbuf)
                  00803e60    00000180                   : memory.obj (.text:_malloc)
                  00803fe0    00000160                   : addd.obj (.text:__addd)
                  00804140    00000160                   : _printfi.obj (.text:__pconv_g)
                  008042a0    00000160                   : _printfi.obj (.text:__pproc_fge)
                  00804400    00000140                   : fputc.obj (.text:_fputc)
                  00804540    00000120                   : _printfi.obj (.text:__pproc_fflags)
                  00804660    00000120                   : fclose.obj (.text:_fclose)
                  00804780    00000100                   : trgdrv.obj (.text:_HOSTopen)
                  00804880    00000100                   : frcmpyd.obj (.text:__frcmpyd)
                  00804980    00000100                   : _printfi.obj (.text:__ltostr)
                  00804a80    00000100                   : atoi.obj (.text:_atoi)
                  00804b80    00000100                   : exit.obj (.text:_exit)
                  00804c80    00000100                   : lowlev.obj (.text:_getdevice)
                  00804d80    000000e0                   : trgdrv.obj (.text:_HOSTlseek)
                  00804e60    000000e0                   : autoinit.obj (.text:__auto_init)
                  00804f40    000000e0                   : _printfi.obj (.text:__div)
                  00805020    000000e0                   : _io_perm.obj (.text:__wrt_ok)
                  00805100    000000e0                   : lowlev.obj (.text:_close)
                  008051e0    000000e0                   : fseek.obj (.text:_fseek)
                  008052c0    000000e0                   : memset.obj (.text:_memset)
                  008053a0    000000c0                   : trgdrv.obj (.text:_HOSTread)
                  00805460    000000c0                   : trgdrv.obj (.text:_HOSTunlink)
                  00805520    000000c0                   : trgdrv.obj (.text:_HOSTwrite)
                  008055e0    000000c0                   : fopen.obj (.text:__cleanup)
                  008056a0    000000c0                   : divu.obj (.text:__divu)
                  00805760    000000c0                   : _printfi.obj (.text:__pconv_f)
                  00805820    000000c0                   : lowlev.obj (.text:_lseek)
                  008058e0    000000c0                   : ltoa.obj (.text:_ltoa)
                  008059a0    000000c0                   : lowlev.obj (.text:_write)
                  00805a60    000000a0                   : trgdrv.obj (.text:_HOSTclose)
                  00805b00    000000a0                   : imath40.obj (.text:__divli)
                  00805ba0    000000a0                   : fflush.obj (.text:__doflush)
                  00805c40    000000a0                   : _printfi.obj (.text:__ecpy)
                  00805ce0    000000a0                   : fixdli.obj (.text:__fixdli)
                  00805d80    000000a0                   : fltlid.obj (.text:__fltlid)
                  00805e20    000000a0                   : lowlev.obj (.text:_finddevice)
                  00805ec0    000000a0                   : memcpy64.obj (.text:_memcpy)
                  00805f60    000000a0                   : memory.obj (.text:_minsert)
                  00806000    000000a0                   : memory.obj (.text:_mremove)
                  008060a0    000000a0                   : renormd.obj (.text:_renormd)
                  00806140    000000a0                   : trgmsg.obj (.text:_writemsg)
                  008061e0    00000080                   : cmpd.obj (.text:__cmpd)
                  00806260    00000080                   : fixdi.obj (.text:__fixdi)
                  008062e0    00000080                   : llshift.obj (.text:__llshl)
                  00806360    00000080                   : memcmp.obj (.text:_memcmp)
                  008063e0    00000080                   : printf.obj (.text:_printf)
                  00806460    00000080                   : trgmsg.obj (.text:_readmsg)
                  008064e0    00000080                   : lowlev.obj (.text:_unlink)
                  00806560    00000060                   : imath64.obj (.text:__subcull)
                  008065c0    00000060                   : boot.obj (.text:_c_int00)
                  00806620    00000060                   : memccpy.obj (.text:_memccpy)
                  00806680    00000040                   : args_main.obj (.text:__args_main)
                  008066c0    00000040                   : llshift.obj (.text:__llshru)
                  00806700    00000040                   : negd.obj (.text:__negd)
                  00806740    00000040                   : imath40.obj (.text:__remli)
                  00806780    00000040                   : subd.obj (.text:__subd)
                  008067c0    00000020                   : negll.obj (.text:__negll)
                  008067e0    00000020                   : _lock.obj (.text:__nop)
                  00806800    00000020                   : printf.obj (.text:__outc)
                  00806820    00000020                   : printf.obj (.text:__outs)
                  00806840    00000020                   : exit.obj (.text:_abort)
                  00806860    00000020                   : remove.obj (.text:_remove)

.stack     0    00806880    00005000     UNINITIALIZED
                  00806880    00000008     rts64plus.lib : boot.obj (.stack)

.sysmem    0    0080b880    00005000     UNINITIALIZED
                  0080b880    00000008     rts64plus.lib : memory.obj (.sysmem)

SRIO_LOCALBUF 
*          0    00810880    00001000     UNINITIALIZED
                  00810880    00001000     main.obj (SRIO_LOCALBUF)

.far       0    00811880    000003d8     UNINITIALIZED
                  00811880    00000194     rts64plus.lib : defs.obj (.far)
                  00811a14    00000004                   : fopen.obj (.far)
                  00811a18    000000d0                   : trgdrv.obj (.far)
                  00811ae8    000000cc                   : lowlev.obj (.far)
                  00811bb8    00000090                   : exit.obj (.far)
                  00811c48    00000008                   : memory.obj (.far)
                  00811c50    00000008                   : _lock.obj (.far)

.const     0    00811c58    000001d2     
                  00811c58    00000101     rts64plus.lib : ctype.obj (.const)
                  00811d59    00000002                   : fputs.obj (.const)
                  00811d5b    00000001     --HOLE-- [fill = 0]
                  00811d5c    000000ab     main.obj (.const)
                  00811e07    00000023     rts64plus.lib : _printfi.obj (.const)

.bss       0    00811e2c    00000004     UNINITIALIZED
                  00811e2c    00000004     main.obj (.bss)

.cinit     0    00811e30    00000154     
                  00811e30    0000005c     rts64plus.lib : defs.obj (.cinit)
                  00811e8c    00000004     --HOLE-- [fill = 0]
                  00811e90    0000005c                   : lowlev.obj (.cinit)
                  00811eec    00000004     --HOLE-- [fill = 0]
                  00811ef0    0000002c                   : memory.obj (.cinit)
                  00811f1c    00000004     --HOLE-- [fill = 0]
                  00811f20    0000002c                   : exit.obj (.cinit)
                  00811f4c    00000004     --HOLE-- [fill = 0]
                  00811f50    0000001c                   : _lock.obj (.cinit)
                  00811f6c    00000004     --HOLE-- [fill = 0]
                  00811f70    0000000c                   : fopen.obj (.cinit)
                  00811f7c    00000008     --HOLE-- [fill = 0]

.cio       0    00811f88    00000120     UNINITIALIZED
                  00811f88    00000120     rts64plus.lib : trgmsg.obj (.cio)

.switch    0    008120a8    00000010     
                  008120a8    00000010     rts64plus.lib : frcdivd.obj (.switch)

.vectors   0    00900000    00000200     
                  00900000    00000200     vectors.obj (.vectors)


GLOBAL SYMBOLS: SORTED ALPHABETICALLY BY Name 

address    name
--------   ----
00811e2c   $bss
00811e2c   .bss
00800000   .data
00800000   .text
00806840   C$$EXIT
008061c4   C$$IO$$
00900000   RESET_RST
00805a60   _HOSTclose
00804d80   _HOSTlseek
00804780   _HOSTopen
008053a0   _HOSTread
008037e0   _HOSTrename
00805460   _HOSTunlink
00805520   _HOSTwrite
00811080   _SRIO_READBUF
00810880   _SRIO_WRITEBUF
008004ec   _SRIO_init
00811f88   __CIOBUF_
00005000   __STACK_SIZE
00005000   __SYSMEM_SIZE
ffffffff   ___binit__
00811e2c   ___bss__
ffffffff   ___c_args__
00811e30   ___cinit__
00800000   ___data__
00800000   ___edata__
00811e30   ___end__
00806880   ___etext__
ffffffff   ___pinit__
00800000   ___text__
00803fe0   __addd
00806680   __args_main
00804e60   __auto_init
008055e0   __cleanup
00811c40   __cleanup_ptr
008061e0   __cmpd
00811c58   __ctypes_
00803620   __divd
00805b00   __divli
008056a0   __divu
00803980   __divul
00802be0   __divull
00805ba0   __doflush
00811c44   __dtors_ptr
00806260   __fixdi
00805ce0   __fixdli
00805d80   __fltlid
00803240   __frcaddd
008029a0   __frcdivd
00804880   __frcmpyd
00811a10   __ft_end
00811880   __ftable
008062e0   __llshl
008066c0   __llshru
00811c50   __lock
00803b20   __mpyd
00806700   __negd
008067c0   __negll
008067e0   __nop
00801260   __printfi
00806740   __remli
00806880   __stack
00806560   __subcull
00806780   __subd
0080b880   __sys_memory
00811970   __tmpnams
00811c54   __unlock
00805020   __wrt_ok
00806840   _abort
00804a80   _atoi
008065c0   _c_int00
00805100   _close
00804b80   _exit
00804660   _fclose
00804400   _fputc
00801bc0   _fputs
00802720   _free
008051e0   _fseek
00800224   _init_6455
00805820   _lseek
008058e0   _ltoa
00800000   _main
00803e60   _malloc
00806620   _memccpy
00806360   _memcmp
00805ec0   _memcpy
008052c0   _memset
00811e2c   _pEDMA3CC_PaRAM
008063e0   _printf
00804400   _putc
00806460   _readmsg
00806860   _remove
008060a0   _renormd
00803cc0   _setvbuf
0080091c   _srio_read
008009f8   _srio_write
008064e0   _unlink
008059a0   _write
00806140   _writemsg
ffffffff   binit
00811e30   cinit
00800000   edata
00811e30   end
00806880   etext
ffffffff   pinit


GLOBAL SYMBOLS: SORTED BY Symbol Address 

address    name
--------   ----
00005000   __STACK_SIZE
00005000   __SYSMEM_SIZE
00800000   .data
00800000   .text
00800000   ___data__
00800000   ___edata__
00800000   ___text__
00800000   _main
00800000   edata
00800224   _init_6455
008004ec   _SRIO_init
0080091c   _srio_read
008009f8   _srio_write
00801260   __printfi
00801bc0   _fputs
00802720   _free
008029a0   __frcdivd
00802be0   __divull
00803240   __frcaddd
00803620   __divd
008037e0   _HOSTrename
00803980   __divul
00803b20   __mpyd
00803cc0   _setvbuf
00803e60   _malloc
00803fe0   __addd
00804400   _fputc
00804400   _putc
00804660   _fclose
00804780   _HOSTopen
00804880   __frcmpyd
00804a80   _atoi
00804b80   _exit
00804d80   _HOSTlseek
00804e60   __auto_init
00805020   __wrt_ok
00805100   _close
008051e0   _fseek
008052c0   _memset
008053a0   _HOSTread
00805460   _HOSTunlink
00805520   _HOSTwrite
008055e0   __cleanup
008056a0   __divu
00805820   _lseek
008058e0   _ltoa
008059a0   _write
00805a60   _HOSTclose
00805b00   __divli
00805ba0   __doflush
00805ce0   __fixdli
00805d80   __fltlid
00805ec0   _memcpy
008060a0   _renormd
00806140   _writemsg
008061c4   C$$IO$$
008061e0   __cmpd
00806260   __fixdi
008062e0   __llshl
00806360   _memcmp
008063e0   _printf
00806460   _readmsg
008064e0   _unlink
00806560   __subcull
008065c0   _c_int00
00806620   _memccpy
00806680   __args_main
008066c0   __llshru
00806700   __negd
00806740   __remli
00806780   __subd
008067c0   __negll
008067e0   __nop
00806840   C$$EXIT
00806840   _abort
00806860   _remove
00806880   ___etext__
00806880   __stack
00806880   etext
0080b880   __sys_memory
00810880   _SRIO_WRITEBUF
00811080   _SRIO_READBUF
00811880   __ftable
00811970   __tmpnams
00811a10   __ft_end
00811c40   __cleanup_ptr
00811c44   __dtors_ptr
00811c50   __lock
00811c54   __unlock
00811c58   __ctypes_
00811e2c   $bss
00811e2c   .bss
00811e2c   ___bss__
00811e2c   _pEDMA3CC_PaRAM
00811e30   ___cinit__
00811e30   ___end__
00811e30   cinit
00811e30   end
00811f88   __CIOBUF_
00900000   RESET_RST
ffffffff   ___binit__
ffffffff   ___c_args__
ffffffff   ___pinit__
ffffffff   binit
ffffffff   pinit

[105 symbols]
